EESchema-LIBRARY Version 2.4
#encoding utf-8
#
#
# tmp/falcon_combel.symbol
#
# FALCON_COMBEL -- Single unit symbol
#
DEF FALCON_COMBEL U 0 50 Y Y 1 L N
ALIAS C302995
F0 "U" -2800 6200 50 H V L TNN
F1 "FALCON_COMBEL" -2800 6100 50 H V L TNB
F2 "Package_QFP:LQFP-208_28x28mm_P0.5mm" -2800 6300 50 H I L TNB
F3 "https://www.atari-forum.com/viewtopic.php?p=235355#p235355" -2800 6400 50 H I L TNN
DRAW
S -2800 6000 2800 -6000 0 0 10 f
X TXD 139 -3100 5950 300 R 50 50 0 0 I
X TOK 150 -3100 5850 300 R 50 50 0 0 I
X EINT7 72 -3100 5650 300 R 50 50 0 0 I
X EINT5 174 -3100 5550 300 R 50 50 0 0 I
X EINT3 175 -3100 5450 300 R 50 50 0 0 I
X EINT1 202 -3100 5350 300 R 50 50 0 0 I
X TEST 86 -3100 5150 300 R 50 50 0 0 I
X TEST2 99 -3100 5050 300 R 50 50 0 0 I
X CLK 20 -3100 4850 300 R 50 50 0 0 I C
X KHZ500W 163 3100 4850 300 L 50 50 0 0 O C
X CPUCLK 191 3100 4750 300 L 50 50 0 0 O C
X CLK8 192 3100 4650 300 L 50 50 0 0 O C
X CLK4 193 3100 4550 300 L 50 50 0 0 O C
X 500KHZ 194 3100 4450 300 L 50 50 0 0 O C
X BMODE 4 -3100 4250 300 R 50 50 0 0 I
X ~RESET~ 59 -3100 4150 300 R 50 50 0 0 I
X POR 98 -3100 4050 300 R 50 50 0 0 I
X ~BERR~ 42 3100 4250 300 L 50 50 0 0 O
X ~R8006~ 43 3100 4150 300 L 50 50 0 0 O
X ~BGI~ 124 -3100 3850 300 R 50 50 0 0 I
X BGO 115 3100 3850 300 L 50 50 0 0 O
X ~BR~ 116 3100 3750 300 L 50 50 0 0 O
X ~BGACK~ 198 3100 3650 300 L 50 50 0 0 O
X ~MFPINT~ 151 -3100 3450 300 R 50 50 0 0 I
X ~IACK~ 31 3100 3450 300 L 50 50 0 0 O
X ~MFPCS~ 197 3100 3350 300 L 50 50 0 0 O
X ~SCCWAIT~ 87 -3100 3150 300 R 50 50 0 0 I
X ~SCCIACK~ 88 3100 3150 300 L 50 50 0 0 O
X SCCAB 89 3100 3050 300 L 50 50 0 0 O
X ~SCCWR~ 164 3100 2950 300 L 50 50 0 0 O
X ~SCCRD~ 165 3100 2850 300 L 50 50 0 0 O
X ~EVEN~/ODD 19 -3100 2650 300 R 50 50 0 0 I
X ~HINT~ 33 -3100 2550 300 R 50 50 0 0 I
X ~VINT~ 34 -3100 2450 300 R 50 50 0 0 I
X VREQ 60 -3100 2350 300 R 50 50 0 0 I
X VLD 30 3100 2650 300 L 50 50 0 0 O
X VCS 71 3100 2550 300 L 50 50 0 0 O
X ~VMA~ 6 -3100 2150 300 R 50 50 0 0 I
X N6850 32 3100 2150 300 L 50 50 0 0 O
X ~VPA~ 190 3100 2050 300 L 50 50 0 0 O
X ~PAD0Y~ 73 -3100 1850 300 R 50 50 0 0 I
X ~PAD1Y~ 111 -3100 1750 300 R 50 50 0 0 I
X ~PAD1X~ 125 -3100 1650 300 R 50 50 0 0 I
X ~PAD0X~ 138 -3100 1550 300 R 50 50 0 0 I
X ~PADRST~ 136 3100 1850 300 L 50 50 0 0 O
X ~BUTTON~ 137 3100 1750 300 L 50 50 0 0 O
X ~JOYWE~ 140 3100 1650 300 L 50 50 0 0 O
X ~JOYWL~ 146 3100 1550 300 L 50 50 0 0 O
X ~JOYRH~ 147 3100 1450 300 L 50 50 0 0 O
X ~JOYRL~ 148 3100 1350 300 L 50 50 0 0 O
X ~IPL2~ 166 3100 1150 300 L 50 50 0 0 O
X ~IPL1~ 172 3100 1050 300 L 50 50 0 0 O
X ~IPL0~ 173 3100 950 300 L 50 50 0 0 O
X ~ROM2~ 199 3100 750 300 L 50 50 0 0 O
X ~ROM3~ 200 3100 650 300 L 50 50 0 0 O
X ~ROM4~ 201 3100 550 300 L 50 50 0 0 O
X ~RAS0~ 18 3100 350 300 L 50 50 0 0 O
X ~RAS1~ 21 3100 250 300 L 50 50 0 0 O
X ~CAS0H~ 22 3100 150 300 L 50 50 0 0 O
X ~RDAT~ 44 3100 50 300 L 50 50 0 0 O
X ~WDAT~ 45 3100 -50 300 L 50 50 0 0 O
X ~WE~ 46 3100 -150 300 L 50 50 0 0 O
X ~CAS1H~ 62 3100 -250 300 L 50 50 0 0 O
X ~CAS0L~ 70 3100 -350 300 L 50 50 0 0 O
X RAMH 74 3100 -450 300 L 50 50 0 0 O
X ~CAS1L~ 83 3100 -550 300 L 50 50 0 0 O
X MAD10 149 3100 -750 300 L 50 50 0 0 O
X MAD9 189 3100 -850 300 L 50 50 0 0 O
X MAD8 10 3100 -950 300 L 50 50 0 0 O
X MAD7 39 3100 -1050 300 L 50 50 0 0 O
X MAD6 61 3100 -1150 300 L 50 50 0 0 O
X MAD5 77 3100 -1250 300 L 50 50 0 0 O
X MAD4 84 3100 -1350 300 L 50 50 0 0 O
X MAD3 96 3100 -1450 300 L 50 50 0 0 O
X MAD2 97 3100 -1550 300 L 50 50 0 0 O
X MAD1 114 3100 -1650 300 L 50 50 0 0 O
X MAD0 120 3100 -1750 300 L 50 50 0 0 O
X ~FPUCS~ 113 3100 -1950 300 L 50 50 0 0 O
X ~IDEOR~ 35 3100 -2150 300 L 50 50 0 0 O
X ~IDEOW~ 36 3100 -2250 300 L 50 50 0 0 O
X IDECS0 37 3100 -2350 300 L 50 50 0 0 O
X IDECS1 38 3100 -2450 300 L 50 50 0 0 O
X ~BINT~ 112 3100 -2650 300 L 50 50 0 0 O
X SNDCS 8 3100 -2850 300 L 50 50 0 0 O
X SNDIR 9 3100 -2950 300 L 50 50 0 0 O
X ~RTCCS~ 75 3100 -3150 300 L 50 50 0 0 O
X ~RTCAS~ 76 3100 -3250 300 L 50 50 0 0 O
X ~RTCDS~ 85 3100 -3350 300 L 50 50 0 0 O
X FC2 123 -3100 -3550 300 R 50 50 0 0 B
X FC1 133 -3100 -3650 300 R 50 50 0 0 B
X FC0 141 -3100 -3750 300 R 50 50 0 0 B
X D15 94 -3100 -3950 300 R 50 50 0 0 B
X D14 91 -3100 -4050 300 R 50 50 0 0 B
X D13 69 -3100 -4150 300 R 50 50 0 0 B
X D12 64 -3100 -4250 300 R 50 50 0 0 B
X D11 25 -3100 -4350 300 R 50 50 0 0 B
X D10 23 -3100 -4450 300 R 50 50 0 0 B
X D9 15 -3100 -4550 300 R 50 50 0 0 B
X D8 11 -3100 -4650 300 R 50 50 0 0 B
X D7 187 -3100 -4750 300 R 50 50 0 0 B
X D6 184 -3100 -4850 300 R 50 50 0 0 B
X D5 169 -3100 -4950 300 R 50 50 0 0 B
X D4 176 -3100 -5050 300 R 50 50 0 0 B
X D3 142 -3100 -5150 300 R 50 50 0 0 B
X D2 134 -3100 -5250 300 R 50 50 0 0 B
X D1 127 -3100 -5350 300 R 50 50 0 0 B
X D0 122 -3100 -5450 300 R 50 50 0 0 B
X A23 121 3100 -3550 300 L 50 50 0 0 B
X A22 126 3100 -3650 300 L 50 50 0 0 B
X A21 128 3100 -3750 300 L 50 50 0 0 B
X A20 135 3100 -3850 300 L 50 50 0 0 B
X A19 143 3100 -3950 300 L 50 50 0 0 B
X A18 162 3100 -4050 300 L 50 50 0 0 B
X A17 170 3100 -4150 300 L 50 50 0 0 B
X A16 177 3100 -4250 300 L 50 50 0 0 B
X A15 178 3100 -4350 300 L 50 50 0 0 B
X A14 185 3100 -4450 300 L 50 50 0 0 B
X A13 188 3100 -4550 300 L 50 50 0 0 B
X A12 7 3100 -4650 300 L 50 50 0 0 B
X A11 12 3100 -4750 300 L 50 50 0 0 B
X A10 16 3100 -4850 300 L 50 50 0 0 B
X A9 17 3100 -4950 300 L 50 50 0 0 B
X A8 24 3100 -5050 300 L 50 50 0 0 B
X A7 29 3100 -5150 300 L 50 50 0 0 B
X A6 63 3100 -5250 300 L 50 50 0 0 B
X A5 65 3100 -5350 300 L 50 50 0 0 B
X A4 68 3100 -5450 300 L 50 50 0 0 B
X A3 82 3100 -5550 300 L 50 50 0 0 B
X A2 90 3100 -5650 300 L 50 50 0 0 B
X A1 95 3100 -5750 300 L 50 50 0 0 B
X VCC 13 -2100 6300 300 D 50 50 0 0 W
X VCC 26 -1800 6300 300 D 50 50 0 0 W
X VCC 27 -1500 6300 300 D 50 50 0 0 W
X VCC 41 -1200 6300 300 D 50 50 0 0 W
X VCC 66 -900 6300 300 D 50 50 0 0 W
X VCC 78 -600 6300 300 D 50 50 0 0 W
X VCC 79 -300 6300 300 D 50 50 0 0 W
X VCC 92 0 6300 300 D 50 50 0 0 W
X VCC 117 300 6300 300 D 50 50 0 0 W
X VCC 130 600 6300 300 D 50 50 0 0 W
X VCC 145 900 6300 300 D 50 50 0 0 W
X VCC 168 1200 6300 300 D 50 50 0 0 W
X VCC 180 1500 6300 300 D 50 50 0 0 W
X VCC 181 1800 6300 300 D 50 50 0 0 W
X VCC 196 2100 6300 300 D 50 50 0 0 W
X GND 14 -2100 -6300 300 U 50 50 0 0 W
X GND 28 -1800 -6300 300 U 50 50 0 0 W
X GND 40 -1500 -6300 300 U 50 50 0 0 W
X GND 67 -1200 -6300 300 U 50 50 0 0 W
X GND 80 -900 -6300 300 U 50 50 0 0 W
X GND 81 -600 -6300 300 U 50 50 0 0 W
X GND 93 -300 -6300 300 U 50 50 0 0 W
X GND 118 0 -6300 300 U 50 50 0 0 W
X GND 131 300 -6300 300 U 50 50 0 0 W
X GND 132 600 -6300 300 U 50 50 0 0 W
X GND 144 900 -6300 300 U 50 50 0 0 W
X GND 167 1200 -6300 300 U 50 50 0 0 W
X GND 182 1500 -6300 300 U 50 50 0 0 W
X GND 183 1800 -6300 300 U 50 50 0 0 W
X GND 195 2100 -6300 300 U 50 50 0 0 W
ENDDRAW
ENDDEF
### ### ### ### ### ### ### ### ### ### ### ### ### ### ### ### ###
# FALCON_COMBEL -- Multiple units symbol
#
DEF FALCON_COMBEL_MU U 0 50 Y Y 25 L N
ALIAS C302995_mu
F0 "U" -500 300 50 H V L TNN
F1 "FALCON_COMBEL_mu_mu" -500 200 50 H V L TNB
F2 "Package_QFP:LQFP-208_28x28mm_P0.5mm" -500 400 50 H I L TNN
F3 "https://www.atari-forum.com/viewtopic.php?p=235355#p235355" -500 500 50 H I L TNN
DRAW
#
# --- --- --- ---
# Clocking system
#
T 0 -500 100 50 1 1 0 "Clocking system" Normal 0 L T
S -300 0 300 -600 1 0 10 f
X CLK 20 -600 -100 300 R 50 50 1 0 I C
X KHZ500W 163 600 -100 300 L 50 50 1 0 O C
X CPUCLK 191 600 -200 300 L 50 50 1 0 O C
X CLK8 192 600 -300 300 L 50 50 1 0 O C
X CLK4 193 600 -400 300 L 50 50 1 0 O C
X 500KHZ 194 600 -500 300 L 50 50 1 0 O C
#
# --- --- --- ---
# System control signals
#
T 0 -500 100 50 1 2 0 "System control signals" Normal 0 L T
S -400 0 400 -400 2 0 10 f
X BMODE 4 -700 -100 300 R 50 50 2 0 I
X ~RESET~ 59 -700 -200 300 R 50 50 2 0 I
X POR 98 -700 -300 300 R 50 50 2 0 I
X ~BERR~ 42 700 -100 300 L 50 50 2 0 O
X ~R8006~ 43 700 -200 300 L 50 50 2 0 O
#
# --- --- --- ---
# Bus arbitration control
#
T 0 -500 100 50 1 3 0 "Bus arbitration control" Normal 0 L T
S -350 0 350 -400 3 0 10 f
X ~BGI~ 124 -650 -100 300 R 50 50 3 0 I
X BGO 115 650 -100 300 L 50 50 3 0 O
X ~BR~ 116 650 -200 300 L 50 50 3 0 O
X ~BGACK~ 198 650 -300 300 L 50 50 3 0 O
#
# --- --- --- ---
# Asynchronous bus control
#
T 0 -500 100 50 1 4 0 "Asynchronous bus control" Normal 0 L T
S -200 0 200 -600 4 0 10 f
X DTACK 119 500 -100 300 L 50 50 4 0 O
X R/~W~ 129 500 -200 300 L 50 50 4 0 B
X ~UDS~ 171 500 -300 300 L 50 50 4 0 B
X ~LDS~ 179 500 -400 300 L 50 50 4 0 B
X ~AS~ 186 500 -500 300 L 50 50 4 0 B
#
# --- --- --- ---
# MFP Interruption control
#
T 0 -500 100 50 1 5 0 "MFP Interruption control" Normal 0 L T
S -450 0 450 -300 5 0 10 f
X ~MFPINT~ 151 -750 -100 300 R 50 50 5 0 I
X ~IACK~ 31 750 -100 300 L 50 50 5 0 O
X ~MFPCS~ 197 750 -200 300 L 50 50 5 0 O
#
# --- --- --- ---
# Interrupt Priority Level selection
#
T 0 -500 100 50 1 6 0 "Interrupt Priority Level selection" Normal 0 L T
S -200 0 200 -400 6 0 10 f
X ~IPL2~ 166 500 -100 300 L 50 50 6 0 O
X ~IPL1~ 172 500 -200 300 L 50 50 6 0 O
X ~IPL0~ 173 500 -300 300 L 50 50 6 0 O
#
# --- --- --- ---
# Function Code
#
T 0 -500 100 50 1 7 0 "Function Code" Normal 0 L T
S -150 0 150 -400 7 0 10 f
X FC2 123 450 -100 300 L 50 50 7 0 B
X FC1 133 450 -200 300 L 50 50 7 0 B
X FC0 141 450 -300 300 L 50 50 7 0 B
#
# --- --- --- ---
# ROM area selection
#
T 0 -500 100 50 1 8 0 "ROM area selection" Normal 0 L T
S -200 0 200 -400 8 0 10 f
X ~ROM2~ 199 500 -100 300 L 50 50 8 0 O
X ~ROM3~ 200 500 -200 300 L 50 50 8 0 O
X ~ROM4~ 201 500 -300 300 L 50 50 8 0 O
#
# --- --- --- ---
# RAM access control
#
T 0 -500 100 50 1 9 0 "RAM access control" Normal 0 L T
S -250 0 250 -1100 9 0 10 f
X ~RAS0~ 18 550 -100 300 L 50 50 9 0 O
X ~RAS1~ 21 550 -200 300 L 50 50 9 0 O
X ~CAS0H~ 22 550 -300 300 L 50 50 9 0 O
X ~RDAT~ 44 550 -400 300 L 50 50 9 0 O
X ~WDAT~ 45 550 -500 300 L 50 50 9 0 O
X ~WE~ 46 550 -600 300 L 50 50 9 0 O
X ~CAS1H~ 62 550 -700 300 L 50 50 9 0 O
X ~CAS0L~ 70 550 -800 300 L 50 50 9 0 O
X RAMH 74 550 -900 300 L 50 50 9 0 O
X ~CAS1L~ 83 550 -1000 300 L 50 50 9 0 O
#
# --- --- --- ---
# Multiplexed ADDress bus (RAM)
#
T 0 -500 100 50 1 10 0 "Multiplexed ADDress bus (RAM)" Normal 0 L T
S -200 0 200 -1200 10 0 10 f
X MAD10 149 500 -100 300 L 50 50 10 0 O
X MAD9 189 500 -200 300 L 50 50 10 0 O
X MAD8 10 500 -300 300 L 50 50 10 0 O
X MAD7 39 500 -400 300 L 50 50 10 0 O
X MAD6 61 500 -500 300 L 50 50 10 0 O
X MAD5 77 500 -600 300 L 50 50 10 0 O
X MAD4 84 500 -700 300 L 50 50 10 0 O
X MAD3 96 500 -800 300 L 50 50 10 0 O
X MAD2 97 500 -900 300 L 50 50 10 0 O
X MAD1 114 500 -1000 300 L 50 50 10 0 O
X MAD0 120 500 -1100 300 L 50 50 10 0 O
#
# --- --- --- ---
# FPU control signals
#
T 0 -500 100 50 1 11 0 "FPU control signals" Normal 0 L T
S -250 0 250 -200 11 0 10 f
X ~FPUCS~ 113 550 -100 300 L 50 50 11 0 O
#
# --- --- --- ---
# IDE control signals
#
T 0 -500 100 50 1 12 0 "IDE control signals" Normal 0 L T
S -250 0 250 -500 12 0 10 f
X ~IDEOR~ 35 550 -100 300 L 50 50 12 0 O
X ~IDEOW~ 36 550 -200 300 L 50 50 12 0 O
X IDECS0 37 550 -300 300 L 50 50 12 0 O
X IDECS1 38 550 -400 300 L 50 50 12 0 O
#
# --- --- --- ---
# Serial Communication Controller control signals
#
T 0 -500 100 50 1 13 0 "Serial Communication Controller control signals" Normal 0 L T
S -500 0 500 -500 13 0 10 f
X ~SCCWAIT~ 87 -800 -100 300 R 50 50 13 0 I
X ~SCCIACK~ 88 800 -100 300 L 50 50 13 0 O
X SCCAB 89 800 -200 300 L 50 50 13 0 O
X ~SCCWR~ 164 800 -300 300 L 50 50 13 0 O
X ~SCCRD~ 165 800 -400 300 L 50 50 13 0 O
#
# --- --- --- ---
# Video synchronisation
#
T 0 -500 100 50 1 14 0 "Video synchronisation" Normal 0 L T
S -400 0 400 -500 14 0 10 f
X ~EVEN~/ODD 19 -700 -100 300 R 50 50 14 0 I
X ~HINT~ 33 -700 -200 300 R 50 50 14 0 I
X ~VINT~ 34 -700 -300 300 R 50 50 14 0 I
X VREQ 60 -700 -400 300 R 50 50 14 0 I
X VLD 30 700 -100 300 L 50 50 14 0 O
X VCS 71 700 -200 300 L 50 50 14 0 O
#
# --- --- --- ---
# Blitter control
#
T 0 -500 100 50 1 15 0 "Blitter control" Normal 0 L T
S -200 0 200 -200 15 0 10 f
X ~BINT~ 112 500 -100 300 L 50 50 15 0 O
#
# --- --- --- ---
# MC6800 Peripheral control
#
T 0 -500 100 50 1 16 0 "MC6800 Peripheral control" Normal 0 L T
S -300 0 300 -300 16 0 10 f
X ~VMA~ 6 -600 -100 300 R 50 50 16 0 I
X N6850 32 600 -100 300 L 50 50 16 0 O
X ~VPA~ 190 600 -200 300 L 50 50 16 0 O
#
# --- --- --- ---
# Keyboard Serial control signals
#
T 0 -500 100 50 1 17 0 "Keyboard Serial control signals" Normal 0 L T
S -150 0 150 -300 17 0 10 f
X TXD 139 -450 -100 300 R 50 50 17 0 I
X TOK 150 -450 -200 300 R 50 50 17 0 I
#
# --- --- --- ---
# Programmable Sound Generator control
#
T 0 -500 100 50 1 18 0 "Programmable Sound Generator control" Normal 0 L T
S -200 0 200 -300 18 0 10 f
X SNDCS 8 500 -100 300 L 50 50 18 0 O
X SNDIR 9 500 -200 300 L 50 50 18 0 O
#
# --- --- --- ---
# Real Time Clock control
#
T 0 -500 100 50 1 19 0 "Real Time Clock control" Normal 0 L T
S -250 0 250 -400 19 0 10 f
X ~RTCCS~ 75 550 -100 300 L 50 50 19 0 O
X ~RTCAS~ 76 550 -200 300 L 50 50 19 0 O
X ~RTCDS~ 85 550 -300 300 L 50 50 19 0 O
#
# --- --- --- ---
# Extended joysticks and paddles ports
#
T 0 -500 100 50 1 20 0 "Extended joysticks and paddles ports" Normal 0 L T
S -450 0 450 -700 20 0 10 f
X ~PAD0Y~ 73 -750 -100 300 R 50 50 20 0 I
X ~PAD1Y~ 111 -750 -200 300 R 50 50 20 0 I
X ~PAD1X~ 125 -750 -300 300 R 50 50 20 0 I
X ~PAD0X~ 138 -750 -400 300 R 50 50 20 0 I
X ~PADRST~ 136 750 -100 300 L 50 50 20 0 O
X ~BUTTON~ 137 750 -200 300 L 50 50 20 0 O
X ~JOYWE~ 140 750 -300 300 L 50 50 20 0 O
X ~JOYWL~ 146 750 -400 300 L 50 50 20 0 O
X ~JOYRH~ 147 750 -500 300 L 50 50 20 0 O
X ~JOYRL~ 148 750 -600 300 L 50 50 20 0 O
#
# --- --- --- ---
# External interrupt
#
T 0 -500 100 50 1 21 0 "External interrupt" Normal 0 L T
S -200 0 200 -500 21 0 10 f
X EINT7 72 -500 -100 300 R 50 50 21 0 I
X EINT5 174 -500 -200 300 R 50 50 21 0 I
X EINT3 175 -500 -300 300 R 50 50 21 0 I
X EINT1 202 -500 -400 300 R 50 50 21 0 I
#
# --- --- --- ---
# Test
#
T 0 -500 100 50 1 22 0 "Test" Normal 0 L T
S -200 0 200 -300 22 0 10 f
X TEST 86 -500 -100 300 R 50 50 22 0 I
X TEST2 99 -500 -200 300 R 50 50 22 0 I
#
# --- --- --- ---
# CPU bus address
#
T 0 -500 100 50 1 23 0 "CPU bus address" Normal 0 L T
S -150 0 150 -2400 23 0 10 f
X A23 121 450 -100 300 L 50 50 23 0 B
X A22 126 450 -200 300 L 50 50 23 0 B
X A21 128 450 -300 300 L 50 50 23 0 B
X A20 135 450 -400 300 L 50 50 23 0 B
X A19 143 450 -500 300 L 50 50 23 0 B
X A18 162 450 -600 300 L 50 50 23 0 B
X A17 170 450 -700 300 L 50 50 23 0 B
X A16 177 450 -800 300 L 50 50 23 0 B
X A15 178 450 -900 300 L 50 50 23 0 B
X A14 185 450 -1000 300 L 50 50 23 0 B
X A13 188 450 -1100 300 L 50 50 23 0 B
X A12 7 450 -1200 300 L 50 50 23 0 B
X A11 12 450 -1300 300 L 50 50 23 0 B
X A10 16 450 -1400 300 L 50 50 23 0 B
X A9 17 450 -1500 300 L 50 50 23 0 B
X A8 24 450 -1600 300 L 50 50 23 0 B
X A7 29 450 -1700 300 L 50 50 23 0 B
X A6 63 450 -1800 300 L 50 50 23 0 B
X A5 65 450 -1900 300 L 50 50 23 0 B
X A4 68 450 -2000 300 L 50 50 23 0 B
X A3 82 450 -2100 300 L 50 50 23 0 B
X A2 90 450 -2200 300 L 50 50 23 0 B
X A1 95 450 -2300 300 L 50 50 23 0 B
#
# --- --- --- ---
# CPU bus data
#
T 0 -500 100 50 1 24 0 "CPU bus data" Normal 0 L T
S -150 0 150 -1700 24 0 10 f
X D15 94 450 -100 300 L 50 50 24 0 B
X D14 91 450 -200 300 L 50 50 24 0 B
X D13 69 450 -300 300 L 50 50 24 0 B
X D12 64 450 -400 300 L 50 50 24 0 B
X D11 25 450 -500 300 L 50 50 24 0 B
X D10 23 450 -600 300 L 50 50 24 0 B
X D9 15 450 -700 300 L 50 50 24 0 B
X D8 11 450 -800 300 L 50 50 24 0 B
X D7 187 450 -900 300 L 50 50 24 0 B
X D6 184 450 -1000 300 L 50 50 24 0 B
X D5 169 450 -1100 300 L 50 50 24 0 B
X D4 176 450 -1200 300 L 50 50 24 0 B
X D3 142 450 -1300 300 L 50 50 24 0 B
X D2 134 450 -1400 300 L 50 50 24 0 B
X D1 127 450 -1500 300 L 50 50 24 0 B
X D0 122 450 -1600 300 L 50 50 24 0 B
#
# --- --- --- ---
# Power supply
#
T 0 -500 100 50 1 25 0 "Power supply" Normal 0 L T
S -2300 0 2300 -4400 25 0 10 f
X VCC 13 -2600 -100 300 R 50 50 25 0 W
X VCC 26 -2600 -400 300 R 50 50 25 0 W
X VCC 27 -2600 -700 300 R 50 50 25 0 W
X VCC 41 -2600 -1000 300 R 50 50 25 0 W
X VCC 66 -2600 -1300 300 R 50 50 25 0 W
X VCC 78 -2600 -1600 300 R 50 50 25 0 W
X VCC 79 -2600 -1900 300 R 50 50 25 0 W
X VCC 92 -2600 -2200 300 R 50 50 25 0 W
X VCC 117 -2600 -2500 300 R 50 50 25 0 W
X VCC 130 -2600 -2800 300 R 50 50 25 0 W
X VCC 145 -2600 -3100 300 R 50 50 25 0 W
X VCC 168 -2600 -3400 300 R 50 50 25 0 W
X VCC 180 -2600 -3700 300 R 50 50 25 0 W
X VCC 181 -2600 -4000 300 R 50 50 25 0 W
X VCC 196 -2600 -4300 300 R 50 50 25 0 W
X GND 14 -2000 -4700 300 U 50 50 25 0 W
X GND 28 -1700 -4700 300 U 50 50 25 0 W
X GND 40 -1400 -4700 300 U 50 50 25 0 W
X GND 67 -1100 -4700 300 U 50 50 25 0 W
X GND 80 -800 -4700 300 U 50 50 25 0 W
X GND 81 -500 -4700 300 U 50 50 25 0 W
X GND 93 -200 -4700 300 U 50 50 25 0 W
X GND 118 100 -4700 300 U 50 50 25 0 W
X GND 131 400 -4700 300 U 50 50 25 0 W
X GND 132 700 -4700 300 U 50 50 25 0 W
X GND 144 1000 -4700 300 U 50 50 25 0 W
X GND 167 1300 -4700 300 U 50 50 25 0 W
X GND 182 1600 -4700 300 U 50 50 25 0 W
X GND 183 1900 -4700 300 U 50 50 25 0 W
X GND 195 2200 -4700 300 U 50 50 25 0 W
ENDDRAW
ENDDEF
#
# tmp/falcon_combel.phy.symbol
#
### ### ### ### ### ### ### ### ### ### ### ### ### ### ### ### ###
# FALCON_COMBEL -- Physical layout symbol
#
DEF FALCON_COMBEL_PHY U 0 50 Y Y 1 L N
ALIAS C302995_PHY
F0 "U" 2650 3300 50 H V L TNN
F1 "FALCON_COMBEL_PHY" 2650 3200 50 H V L TNB
F2 "Package_QFP:LQFP-208_28x28mm_P0.5mm" 2650 3400 50 H I L TNN
F3 "https://www.atari-forum.com/viewtopic.php?p=235355#p235355" 2650 3500 50 H I L TNN
DRAW
S -3150 3100 3150 -3100 0 0 10 f
X NC 1 -3450 2550 300 R 50 50 0 0 N
X NC 2 -3450 2450 300 R 50 50 0 0 N
X NC 3 -3450 2350 300 R 50 50 0 0 N
X BMODE 4 -3450 2250 300 R 50 50 0 0 I
X NC 5 -3450 2150 300 R 50 50 0 0 N
X ~VMA~ 6 -3450 2050 300 R 50 50 0 0 I
X A12 7 -3450 1950 300 R 50 50 0 0 B
X SNDCS 8 -3450 1850 300 R 50 50 0 0 O
X SNDIR 9 -3450 1750 300 R 50 50 0 0 O
X MAD8 10 -3450 1650 300 R 50 50 0 0 O
X D8 11 -3450 1550 300 R 50 50 0 0 B
X A11 12 -3450 1450 300 R 50 50 0 0 B
X VCC 13 -3450 1350 300 R 50 50 0 0 W
X GND 14 -3450 1250 300 R 50 50 0 0 W
X D9 15 -3450 1150 300 R 50 50 0 0 B
X A10 16 -3450 1050 300 R 50 50 0 0 B
X A9 17 -3450 950 300 R 50 50 0 0 B
X ~RAS0~ 18 -3450 850 300 R 50 50 0 0 O
X ~EVEN~/ODD 19 -3450 750 300 R 50 50 0 0 I
X CLK 20 -3450 650 300 R 50 50 0 0 I C
X ~RAS1~ 21 -3450 550 300 R 50 50 0 0 O
X ~CAS0H~ 22 -3450 450 300 R 50 50 0 0 O
X D10 23 -3450 350 300 R 50 50 0 0 B
X A8 24 -3450 250 300 R 50 50 0 0 B
X D11 25 -3450 150 300 R 50 50 0 0 B
X VCC 26 -3450 50 300 R 50 50 0 0 W
X VCC 27 -3450 -50 300 R 50 50 0 0 W
X GND 28 -3450 -150 300 R 50 50 0 0 W
X A7 29 -3450 -250 300 R 50 50 0 0 B
X VLD 30 -3450 -350 300 R 50 50 0 0 O
X ~IACK~ 31 -3450 -450 300 R 50 50 0 0 O
X N6850 32 -3450 -550 300 R 50 50 0 0 O
X ~HINT~ 33 -3450 -650 300 R 50 50 0 0 I
X ~VINT~ 34 -3450 -750 300 R 50 50 0 0 I
X ~IDEOR~ 35 -3450 -850 300 R 50 50 0 0 O
X ~IDEOW~ 36 -3450 -950 300 R 50 50 0 0 O
X IDECS0 37 -3450 -1050 300 R 50 50 0 0 O
X IDECS1 38 -3450 -1150 300 R 50 50 0 0 O
X MAD7 39 -3450 -1250 300 R 50 50 0 0 O
X GND 40 -3450 -1350 300 R 50 50 0 0 W
X VCC 41 -3450 -1450 300 R 50 50 0 0 W
X ~BERR~ 42 -3450 -1550 300 R 50 50 0 0 O
X ~R8006~ 43 -3450 -1650 300 R 50 50 0 0 O
X ~RDAT~ 44 -3450 -1750 300 R 50 50 0 0 O
X ~WDAT~ 45 -3450 -1850 300 R 50 50 0 0 O
X ~WE~ 46 -3450 -1950 300 R 50 50 0 0 O
X NC 47 -3450 -2050 300 R 50 50 0 0 N
X NC 48 -3450 -2150 300 R 50 50 0 0 N
X NC 49 -3450 -2250 300 R 50 50 0 0 N
X NC 50 -3450 -2350 300 R 50 50 0 0 N
X NC 51 -3450 -2450 300 R 50 50 0 0 N
X NC 52 -3450 -2550 300 R 50 50 0 0 N
X NC 156 3450 2550 300 L 50 50 0 0 N
X NC 155 3450 2450 300 L 50 50 0 0 N
X NC 154 3450 2350 300 L 50 50 0 0 N
X NC 153 3450 2250 300 L 50 50 0 0 N
X NC 152 3450 2150 300 L 50 50 0 0 N
X ~MFPINT~ 151 3450 2050 300 L 50 50 0 0 I
X TOK 150 3450 1950 300 L 50 50 0 0 I
X MAD10 149 3450 1850 300 L 50 50 0 0 O
X ~JOYRL~ 148 3450 1750 300 L 50 50 0 0 O
X ~JOYRH~ 147 3450 1650 300 L 50 50 0 0 O
X ~JOYWL~ 146 3450 1550 300 L 50 50 0 0 O
X VCC 145 3450 1450 300 L 50 50 0 0 W
X GND 144 3450 1350 300 L 50 50 0 0 W
X A19 143 3450 1250 300 L 50 50 0 0 B
X D3 142 3450 1150 300 L 50 50 0 0 B
X FC0 141 3450 1050 300 L 50 50 0 0 B
X ~JOYWE~ 140 3450 950 300 L 50 50 0 0 O
X TXD 139 3450 850 300 L 50 50 0 0 I
X ~PAD0X~ 138 3450 750 300 L 50 50 0 0 I
X ~BUTTON~ 137 3450 650 300 L 50 50 0 0 O
X ~PADRST~ 136 3450 550 300 L 50 50 0 0 O
X A20 135 3450 450 300 L 50 50 0 0 B
X D2 134 3450 350 300 L 50 50 0 0 B
X FC1 133 3450 250 300 L 50 50 0 0 B
X GND 132 3450 150 300 L 50 50 0 0 W
X GND 131 3450 50 300 L 50 50 0 0 W
X VCC 130 3450 -50 300 L 50 50 0 0 W
X R/~W~ 129 3450 -150 300 L 50 50 0 0 B
X A21 128 3450 -250 300 L 50 50 0 0 B
X D1 127 3450 -350 300 L 50 50 0 0 B
X A22 126 3450 -450 300 L 50 50 0 0 B
X ~PAD1X~ 125 3450 -550 300 L 50 50 0 0 I
X ~BGI~ 124 3450 -650 300 L 50 50 0 0 I
X FC2 123 3450 -750 300 L 50 50 0 0 B
X D0 122 3450 -850 300 L 50 50 0 0 B
X A23 121 3450 -950 300 L 50 50 0 0 B
X MAD0 120 3450 -1050 300 L 50 50 0 0 O
X DTACK 119 3450 -1150 300 L 50 50 0 0 O
X GND 118 3450 -1250 300 L 50 50 0 0 W
X VCC 117 3450 -1350 300 L 50 50 0 0 W
X ~BR~ 116 3450 -1450 300 L 50 50 0 0 O
X BGO 115 3450 -1550 300 L 50 50 0 0 O
X MAD1 114 3450 -1650 300 L 50 50 0 0 O
X ~FPUCS~ 113 3450 -1750 300 L 50 50 0 0 O
X ~BINT~ 112 3450 -1850 300 L 50 50 0 0 O
X ~PAD1Y~ 111 3450 -1950 300 L 50 50 0 0 I
X NC 110 3450 -2050 300 L 50 50 0 0 N
X NC 109 3450 -2150 300 L 50 50 0 0 N
X NC 108 3450 -2250 300 L 50 50 0 0 N
X NC 107 3450 -2350 300 L 50 50 0 0 N
X NC 106 3450 -2450 300 L 50 50 0 0 N
X NC 105 3450 -2550 300 L 50 50 0 0 N
X NC 208 -2600 3400 300 D 50 50 0 0 N
X NC 207 -2500 3400 300 D 50 50 0 0 N
X NC 206 -2400 3400 300 D 50 50 0 0 N
X NC 205 -2300 3400 300 D 50 50 0 0 N
X NC 204 -2200 3400 300 D 50 50 0 0 N
X NC 203 -2100 3400 300 D 50 50 0 0 N
X EINT1 202 -2000 3400 300 D 50 50 0 0 I
X ~ROM4~ 201 -1900 3400 300 D 50 50 0 0 O
X ~ROM3~ 200 -1800 3400 300 D 50 50 0 0 O
X ~ROM2~ 199 -1700 3400 300 D 50 50 0 0 O
X ~BGACK~ 198 -1600 3400 300 D 50 50 0 0 O
X ~MFPCS~ 197 -1500 3400 300 D 50 50 0 0 O
X VCC 196 -1400 3400 300 D 50 50 0 0 W
X GND 195 -1300 3400 300 D 50 50 0 0 W
X 500KHZ 194 -1200 3400 300 D 50 50 0 0 O C
X CLK4 193 -1100 3400 300 D 50 50 0 0 O C
X CLK8 192 -1000 3400 300 D 50 50 0 0 O C
X CPUCLK 191 -900 3400 300 D 50 50 0 0 O C
X ~VPA~ 190 -800 3400 300 D 50 50 0 0 O
X MAD9 189 -700 3400 300 D 50 50 0 0 O
X A13 188 -600 3400 300 D 50 50 0 0 B
X D7 187 -500 3400 300 D 50 50 0 0 B
X ~AS~ 186 -400 3400 300 D 50 50 0 0 B
X A14 185 -300 3400 300 D 50 50 0 0 B
X D6 184 -200 3400 300 D 50 50 0 0 B
X GND 183 -100 3400 300 D 50 50 0 0 W
X GND 182 0 3400 300 D 50 50 0 0 W
X VCC 181 100 3400 300 D 50 50 0 0 W
X VCC 180 200 3400 300 D 50 50 0 0 W
X ~LDS~ 179 300 3400 300 D 50 50 0 0 B
X A15 178 400 3400 300 D 50 50 0 0 B
X A16 177 500 3400 300 D 50 50 0 0 B
X D4 176 600 3400 300 D 50 50 0 0 B
X EINT3 175 700 3400 300 D 50 50 0 0 I
X EINT5 174 800 3400 300 D 50 50 0 0 I
X ~IPL0~ 173 900 3400 300 D 50 50 0 0 O
X ~IPL1~ 172 1000 3400 300 D 50 50 0 0 O
X ~UDS~ 171 1100 3400 300 D 50 50 0 0 B
X A17 170 1200 3400 300 D 50 50 0 0 B
X D5 169 1300 3400 300 D 50 50 0 0 B
X VCC 168 1400 3400 300 D 50 50 0 0 W
X GND 167 1500 3400 300 D 50 50 0 0 W
X ~IPL2~ 166 1600 3400 300 D 50 50 0 0 O
X ~SCCRD~ 165 1700 3400 300 D 50 50 0 0 O
X ~SCCWR~ 164 1800 3400 300 D 50 50 0 0 O
X KHZ500W 163 1900 3400 300 D 50 50 0 0 O C
X A18 162 2000 3400 300 D 50 50 0 0 B
X NC 161 2100 3400 300 D 50 50 0 0 N
X NC 160 2200 3400 300 D 50 50 0 0 N
X NC 159 2300 3400 300 D 50 50 0 0 N
X NC 158 2400 3400 300 D 50 50 0 0 N
X NC 157 2500 3400 300 D 50 50 0 0 N
X NC 53 -2600 -3400 300 U 50 50 0 0 N
X NC 54 -2500 -3400 300 U 50 50 0 0 N
X NC 55 -2400 -3400 300 U 50 50 0 0 N
X NC 56 -2300 -3400 300 U 50 50 0 0 N
X NC 57 -2200 -3400 300 U 50 50 0 0 N
X NC 58 -2100 -3400 300 U 50 50 0 0 N
X ~RESET~ 59 -2000 -3400 300 U 50 50 0 0 I
X VREQ 60 -1900 -3400 300 U 50 50 0 0 I
X MAD6 61 -1800 -3400 300 U 50 50 0 0 O
X ~CAS1H~ 62 -1700 -3400 300 U 50 50 0 0 O
X A6 63 -1600 -3400 300 U 50 50 0 0 B
X D12 64 -1500 -3400 300 U 50 50 0 0 B
X A5 65 -1400 -3400 300 U 50 50 0 0 B
X VCC 66 -1300 -3400 300 U 50 50 0 0 W
X GND 67 -1200 -3400 300 U 50 50 0 0 W
X A4 68 -1100 -3400 300 U 50 50 0 0 B
X D13 69 -1000 -3400 300 U 50 50 0 0 B
X ~CAS0L~ 70 -900 -3400 300 U 50 50 0 0 O
X VCS 71 -800 -3400 300 U 50 50 0 0 O
X EINT7 72 -700 -3400 300 U 50 50 0 0 I
X ~PAD0Y~ 73 -600 -3400 300 U 50 50 0 0 I
X RAMH 74 -500 -3400 300 U 50 50 0 0 O
X ~RTCCS~ 75 -400 -3400 300 U 50 50 0 0 O
X ~RTCAS~ 76 -300 -3400 300 U 50 50 0 0 O
X MAD5 77 -200 -3400 300 U 50 50 0 0 O
X VCC 78 -100 -3400 300 U 50 50 0 0 W
X VCC 79 0 -3400 300 U 50 50 0 0 W
X GND 80 100 -3400 300 U 50 50 0 0 W
X GND 81 200 -3400 300 U 50 50 0 0 W
X A3 82 300 -3400 300 U 50 50 0 0 B
X ~CAS1L~ 83 400 -3400 300 U 50 50 0 0 O
X MAD4 84 500 -3400 300 U 50 50 0 0 O
X ~RTCDS~ 85 600 -3400 300 U 50 50 0 0 O
X TEST 86 700 -3400 300 U 50 50 0 0 I
X ~SCCWAIT~ 87 800 -3400 300 U 50 50 0 0 I
X ~SCCIACK~ 88 900 -3400 300 U 50 50 0 0 O
X SCCAB 89 1000 -3400 300 U 50 50 0 0 O
X A2 90 1100 -3400 300 U 50 50 0 0 B
X D14 91 1200 -3400 300 U 50 50 0 0 B
X VCC 92 1300 -3400 300 U 50 50 0 0 W
X GND 93 1400 -3400 300 U 50 50 0 0 W
X D15 94 1500 -3400 300 U 50 50 0 0 B
X A1 95 1600 -3400 300 U 50 50 0 0 B
X MAD3 96 1700 -3400 300 U 50 50 0 0 O
X MAD2 97 1800 -3400 300 U 50 50 0 0 O
X POR 98 1900 -3400 300 U 50 50 0 0 I
X TEST2 99 2000 -3400 300 U 50 50 0 0 I
X NC 100 2100 -3400 300 U 50 50 0 0 N
X NC 101 2200 -3400 300 U 50 50 0 0 N
X NC 102 2300 -3400 300 U 50 50 0 0 N
X NC 103 2400 -3400 300 U 50 50 0 0 N
X NC 104 2500 -3400 300 U 50 50 0 0 N
ENDDRAW
ENDDEF
#
# tmp/falcon_combel.socket.symbol
#
### ### ### ### ### ### ### ### ### ### ### ### ### ### ### ### ###
# FALCON_COMBEL -- Socket layout symbol
#
DEF FALCON_COMBEL_SOCKET U 0 50 Y Y 1 L N
ALIAS C302995_SOCKET
F0 "U" 2650 3300 50 H V L TNN
F1 "FALCON_COMBEL_PHY" 2650 3200 50 H V L TNB
F2 "Package_QFP:LQFP-208_28x28mm_P0.5mm" 2650 3400 50 H I L TNN
F3 "https://www.atari-forum.com/viewtopic.php?p=235355#p235355" 2650 3500 50 H I L TNN
DRAW
S -3150 3100 3150 -3100 0 0 10 f
X NC 1 -3450 2550 300 R 50 50 0 0 P
X NC 2 -3450 2450 300 R 50 50 0 0 P
X NC 3 -3450 2350 300 R 50 50 0 0 P
X BMODE 4 -3450 2250 300 R 50 50 0 0 P
X NC 5 -3450 2150 300 R 50 50 0 0 P
X ~VMA~ 6 -3450 2050 300 R 50 50 0 0 P
X A12 7 -3450 1950 300 R 50 50 0 0 P
X SNDCS 8 -3450 1850 300 R 50 50 0 0 P
X SNDIR 9 -3450 1750 300 R 50 50 0 0 P
X MAD8 10 -3450 1650 300 R 50 50 0 0 P
X D8 11 -3450 1550 300 R 50 50 0 0 P
X A11 12 -3450 1450 300 R 50 50 0 0 P
X VCC 13 -3450 1350 300 R 50 50 0 0 P
X GND 14 -3450 1250 300 R 50 50 0 0 P
X D9 15 -3450 1150 300 R 50 50 0 0 P
X A10 16 -3450 1050 300 R 50 50 0 0 P
X A9 17 -3450 950 300 R 50 50 0 0 P
X ~RAS0~ 18 -3450 850 300 R 50 50 0 0 P
X ~EVEN~/ODD 19 -3450 750 300 R 50 50 0 0 P
X CLK 20 -3450 650 300 R 50 50 0 0 P
X ~RAS1~ 21 -3450 550 300 R 50 50 0 0 P
X ~CAS0H~ 22 -3450 450 300 R 50 50 0 0 P
X D10 23 -3450 350 300 R 50 50 0 0 P
X A8 24 -3450 250 300 R 50 50 0 0 P
X D11 25 -3450 150 300 R 50 50 0 0 P
X VCC 26 -3450 50 300 R 50 50 0 0 P
X VCC 27 -3450 -50 300 R 50 50 0 0 P
X GND 28 -3450 -150 300 R 50 50 0 0 P
X A7 29 -3450 -250 300 R 50 50 0 0 P
X VLD 30 -3450 -350 300 R 50 50 0 0 P
X ~IACK~ 31 -3450 -450 300 R 50 50 0 0 P
X N6850 32 -3450 -550 300 R 50 50 0 0 P
X ~HINT~ 33 -3450 -650 300 R 50 50 0 0 P
X ~VINT~ 34 -3450 -750 300 R 50 50 0 0 P
X ~IDEOR~ 35 -3450 -850 300 R 50 50 0 0 P
X ~IDEOW~ 36 -3450 -950 300 R 50 50 0 0 P
X IDECS0 37 -3450 -1050 300 R 50 50 0 0 P
X IDECS1 38 -3450 -1150 300 R 50 50 0 0 P
X MAD7 39 -3450 -1250 300 R 50 50 0 0 P
X GND 40 -3450 -1350 300 R 50 50 0 0 P
X VCC 41 -3450 -1450 300 R 50 50 0 0 P
X ~BERR~ 42 -3450 -1550 300 R 50 50 0 0 P
X ~R8006~ 43 -3450 -1650 300 R 50 50 0 0 P
X ~RDAT~ 44 -3450 -1750 300 R 50 50 0 0 P
X ~WDAT~ 45 -3450 -1850 300 R 50 50 0 0 P
X ~WE~ 46 -3450 -1950 300 R 50 50 0 0 P
X NC 47 -3450 -2050 300 R 50 50 0 0 P
X NC 48 -3450 -2150 300 R 50 50 0 0 P
X NC 49 -3450 -2250 300 R 50 50 0 0 P
X NC 50 -3450 -2350 300 R 50 50 0 0 P
X NC 51 -3450 -2450 300 R 50 50 0 0 P
X NC 52 -3450 -2550 300 R 50 50 0 0 P
X NC 156 3450 2550 300 L 50 50 0 0 P
X NC 155 3450 2450 300 L 50 50 0 0 P
X NC 154 3450 2350 300 L 50 50 0 0 P
X NC 153 3450 2250 300 L 50 50 0 0 P
X NC 152 3450 2150 300 L 50 50 0 0 P
X ~MFPINT~ 151 3450 2050 300 L 50 50 0 0 P
X TOK 150 3450 1950 300 L 50 50 0 0 P
X MAD10 149 3450 1850 300 L 50 50 0 0 P
X ~JOYRL~ 148 3450 1750 300 L 50 50 0 0 P
X ~JOYRH~ 147 3450 1650 300 L 50 50 0 0 P
X ~JOYWL~ 146 3450 1550 300 L 50 50 0 0 P
X VCC 145 3450 1450 300 L 50 50 0 0 P
X GND 144 3450 1350 300 L 50 50 0 0 P
X A19 143 3450 1250 300 L 50 50 0 0 P
X D3 142 3450 1150 300 L 50 50 0 0 P
X FC0 141 3450 1050 300 L 50 50 0 0 P
X ~JOYWE~ 140 3450 950 300 L 50 50 0 0 P
X TXD 139 3450 850 300 L 50 50 0 0 P
X ~PAD0X~ 138 3450 750 300 L 50 50 0 0 P
X ~BUTTON~ 137 3450 650 300 L 50 50 0 0 P
X ~PADRST~ 136 3450 550 300 L 50 50 0 0 P
X A20 135 3450 450 300 L 50 50 0 0 P
X D2 134 3450 350 300 L 50 50 0 0 P
X FC1 133 3450 250 300 L 50 50 0 0 P
X GND 132 3450 150 300 L 50 50 0 0 P
X GND 131 3450 50 300 L 50 50 0 0 P
X VCC 130 3450 -50 300 L 50 50 0 0 P
X R/~W~ 129 3450 -150 300 L 50 50 0 0 P
X A21 128 3450 -250 300 L 50 50 0 0 P
X D1 127 3450 -350 300 L 50 50 0 0 P
X A22 126 3450 -450 300 L 50 50 0 0 P
X ~PAD1X~ 125 3450 -550 300 L 50 50 0 0 P
X ~BGI~ 124 3450 -650 300 L 50 50 0 0 P
X FC2 123 3450 -750 300 L 50 50 0 0 P
X D0 122 3450 -850 300 L 50 50 0 0 P
X A23 121 3450 -950 300 L 50 50 0 0 P
X MAD0 120 3450 -1050 300 L 50 50 0 0 P
X DTACK 119 3450 -1150 300 L 50 50 0 0 P
X GND 118 3450 -1250 300 L 50 50 0 0 P
X VCC 117 3450 -1350 300 L 50 50 0 0 P
X ~BR~ 116 3450 -1450 300 L 50 50 0 0 P
X BGO 115 3450 -1550 300 L 50 50 0 0 P
X MAD1 114 3450 -1650 300 L 50 50 0 0 P
X ~FPUCS~ 113 3450 -1750 300 L 50 50 0 0 P
X ~BINT~ 112 3450 -1850 300 L 50 50 0 0 P
X ~PAD1Y~ 111 3450 -1950 300 L 50 50 0 0 P
X NC 110 3450 -2050 300 L 50 50 0 0 P
X NC 109 3450 -2150 300 L 50 50 0 0 P
X NC 108 3450 -2250 300 L 50 50 0 0 P
X NC 107 3450 -2350 300 L 50 50 0 0 P
X NC 106 3450 -2450 300 L 50 50 0 0 P
X NC 105 3450 -2550 300 L 50 50 0 0 P
X NC 208 -2600 3400 300 D 50 50 0 0 P
X NC 207 -2500 3400 300 D 50 50 0 0 P
X NC 206 -2400 3400 300 D 50 50 0 0 P
X NC 205 -2300 3400 300 D 50 50 0 0 P
X NC 204 -2200 3400 300 D 50 50 0 0 P
X NC 203 -2100 3400 300 D 50 50 0 0 P
X EINT1 202 -2000 3400 300 D 50 50 0 0 P
X ~ROM4~ 201 -1900 3400 300 D 50 50 0 0 P
X ~ROM3~ 200 -1800 3400 300 D 50 50 0 0 P
X ~ROM2~ 199 -1700 3400 300 D 50 50 0 0 P
X ~BGACK~ 198 -1600 3400 300 D 50 50 0 0 P
X ~MFPCS~ 197 -1500 3400 300 D 50 50 0 0 P
X VCC 196 -1400 3400 300 D 50 50 0 0 P
X GND 195 -1300 3400 300 D 50 50 0 0 P
X 500KHZ 194 -1200 3400 300 D 50 50 0 0 P
X CLK4 193 -1100 3400 300 D 50 50 0 0 P
X CLK8 192 -1000 3400 300 D 50 50 0 0 P
X CPUCLK 191 -900 3400 300 D 50 50 0 0 P
X ~VPA~ 190 -800 3400 300 D 50 50 0 0 P
X MAD9 189 -700 3400 300 D 50 50 0 0 P
X A13 188 -600 3400 300 D 50 50 0 0 P
X D7 187 -500 3400 300 D 50 50 0 0 P
X ~AS~ 186 -400 3400 300 D 50 50 0 0 P
X A14 185 -300 3400 300 D 50 50 0 0 P
X D6 184 -200 3400 300 D 50 50 0 0 P
X GND 183 -100 3400 300 D 50 50 0 0 P
X GND 182 0 3400 300 D 50 50 0 0 P
X VCC 181 100 3400 300 D 50 50 0 0 P
X VCC 180 200 3400 300 D 50 50 0 0 P
X ~LDS~ 179 300 3400 300 D 50 50 0 0 P
X A15 178 400 3400 300 D 50 50 0 0 P
X A16 177 500 3400 300 D 50 50 0 0 P
X D4 176 600 3400 300 D 50 50 0 0 P
X EINT3 175 700 3400 300 D 50 50 0 0 P
X EINT5 174 800 3400 300 D 50 50 0 0 P
X ~IPL0~ 173 900 3400 300 D 50 50 0 0 P
X ~IPL1~ 172 1000 3400 300 D 50 50 0 0 P
X ~UDS~ 171 1100 3400 300 D 50 50 0 0 P
X A17 170 1200 3400 300 D 50 50 0 0 P
X D5 169 1300 3400 300 D 50 50 0 0 P
X VCC 168 1400 3400 300 D 50 50 0 0 P
X GND 167 1500 3400 300 D 50 50 0 0 P
X ~IPL2~ 166 1600 3400 300 D 50 50 0 0 P
X ~SCCRD~ 165 1700 3400 300 D 50 50 0 0 P
X ~SCCWR~ 164 1800 3400 300 D 50 50 0 0 P
X KHZ500W 163 1900 3400 300 D 50 50 0 0 P
X A18 162 2000 3400 300 D 50 50 0 0 P
X NC 161 2100 3400 300 D 50 50 0 0 P
X NC 160 2200 3400 300 D 50 50 0 0 P
X NC 159 2300 3400 300 D 50 50 0 0 P
X NC 158 2400 3400 300 D 50 50 0 0 P
X NC 157 2500 3400 300 D 50 50 0 0 P
X NC 53 -2600 -3400 300 U 50 50 0 0 P
X NC 54 -2500 -3400 300 U 50 50 0 0 P
X NC 55 -2400 -3400 300 U 50 50 0 0 P
X NC 56 -2300 -3400 300 U 50 50 0 0 P
X NC 57 -2200 -3400 300 U 50 50 0 0 P
X NC 58 -2100 -3400 300 U 50 50 0 0 P
X ~RESET~ 59 -2000 -3400 300 U 50 50 0 0 P
X VREQ 60 -1900 -3400 300 U 50 50 0 0 P
X MAD6 61 -1800 -3400 300 U 50 50 0 0 P
X ~CAS1H~ 62 -1700 -3400 300 U 50 50 0 0 P
X A6 63 -1600 -3400 300 U 50 50 0 0 P
X D12 64 -1500 -3400 300 U 50 50 0 0 P
X A5 65 -1400 -3400 300 U 50 50 0 0 P
X VCC 66 -1300 -3400 300 U 50 50 0 0 P
X GND 67 -1200 -3400 300 U 50 50 0 0 P
X A4 68 -1100 -3400 300 U 50 50 0 0 P
X D13 69 -1000 -3400 300 U 50 50 0 0 P
X ~CAS0L~ 70 -900 -3400 300 U 50 50 0 0 P
X VCS 71 -800 -3400 300 U 50 50 0 0 P
X EINT7 72 -700 -3400 300 U 50 50 0 0 P
X ~PAD0Y~ 73 -600 -3400 300 U 50 50 0 0 P
X RAMH 74 -500 -3400 300 U 50 50 0 0 P
X ~RTCCS~ 75 -400 -3400 300 U 50 50 0 0 P
X ~RTCAS~ 76 -300 -3400 300 U 50 50 0 0 P
X MAD5 77 -200 -3400 300 U 50 50 0 0 P
X VCC 78 -100 -3400 300 U 50 50 0 0 P
X VCC 79 0 -3400 300 U 50 50 0 0 P
X GND 80 100 -3400 300 U 50 50 0 0 P
X GND 81 200 -3400 300 U 50 50 0 0 P
X A3 82 300 -3400 300 U 50 50 0 0 P
X ~CAS1L~ 83 400 -3400 300 U 50 50 0 0 P
X MAD4 84 500 -3400 300 U 50 50 0 0 P
X ~RTCDS~ 85 600 -3400 300 U 50 50 0 0 P
X TEST 86 700 -3400 300 U 50 50 0 0 P
X ~SCCWAIT~ 87 800 -3400 300 U 50 50 0 0 P
X ~SCCIACK~ 88 900 -3400 300 U 50 50 0 0 P
X SCCAB 89 1000 -3400 300 U 50 50 0 0 P
X A2 90 1100 -3400 300 U 50 50 0 0 P
X D14 91 1200 -3400 300 U 50 50 0 0 P
X VCC 92 1300 -3400 300 U 50 50 0 0 P
X GND 93 1400 -3400 300 U 50 50 0 0 P
X D15 94 1500 -3400 300 U 50 50 0 0 P
X A1 95 1600 -3400 300 U 50 50 0 0 P
X MAD3 96 1700 -3400 300 U 50 50 0 0 P
X MAD2 97 1800 -3400 300 U 50 50 0 0 P
X POR 98 1900 -3400 300 U 50 50 0 0 P
X TEST2 99 2000 -3400 300 U 50 50 0 0 P
X NC 100 2100 -3400 300 U 50 50 0 0 P
X NC 101 2200 -3400 300 U 50 50 0 0 P
X NC 102 2300 -3400 300 U 50 50 0 0 P
X NC 103 2400 -3400 300 U 50 50 0 0 P
X NC 104 2500 -3400 300 U 50 50 0 0 P
ENDDRAW
ENDDEF
#
#End Library
